2025-09-05T08:58:16.8146096Z Current runner version: '2.328.0'
2025-09-05T08:58:16.8170090Z ##[group]Runner Image Provisioner
2025-09-05T08:58:16.8171615Z Hosted Compute Agent
2025-09-05T08:58:16.8172550Z Version: 20250829.383
2025-09-05T08:58:16.8173515Z Commit: 27cb235aab5b0e52e153a26cd86b4742e89dac5d
2025-09-05T08:58:16.8174596Z Build Date: 2025-08-29T13:48:48Z
2025-09-05T08:58:16.8175510Z ##[endgroup]
2025-09-05T08:58:16.8176353Z ##[group]Operating System
2025-09-05T08:58:16.8177238Z Ubuntu
2025-09-05T08:58:16.8177963Z 24.04.3
2025-09-05T08:58:16.8178791Z LTS
2025-09-05T08:58:16.8179577Z ##[endgroup]
2025-09-05T08:58:16.8180474Z ##[group]Runner Image
2025-09-05T08:58:16.8181401Z Image: ubuntu-24.04
2025-09-05T08:58:16.8182236Z Version: 20250831.1.0
2025-09-05T08:58:16.8183613Z Included Software: https://github.com/actions/runner-images/blob/ubuntu24/20250831.1/images/ubuntu/Ubuntu2404-Readme.md
2025-09-05T08:58:16.8185583Z Image Release: https://github.com/actions/runner-images/releases/tag/ubuntu24%2F20250831.1
2025-09-05T08:58:16.8186961Z ##[endgroup]
2025-09-05T08:58:16.8188822Z ##[group]GITHUB_TOKEN Permissions
2025-09-05T08:58:16.8191166Z Actions: write
2025-09-05T08:58:16.8192032Z Contents: write
2025-09-05T08:58:16.8192915Z Deployments: write
2025-09-05T08:58:16.8193850Z Metadata: read
2025-09-05T08:58:16.8194843Z Packages: write
2025-09-05T08:58:16.8195699Z ##[endgroup]
2025-09-05T08:58:16.8197943Z Secret source: Actions
2025-09-05T08:58:16.8199037Z Prepare workflow directory
2025-09-05T08:58:16.8577909Z Prepare all required actions
2025-09-05T08:58:16.8616443Z Getting action download info
2025-09-05T08:58:17.3373025Z Download action repository 'actions/checkout@v4' (SHA:08eba0b27e820071cde6df949e0beb9ba4906955)
2025-09-05T08:58:17.4049967Z Download action repository 'appleboy/scp-action@v0.1.7' (SHA:917f8b81dfc1ccd331fef9e2d61bdc6c8be94634)
2025-09-05T08:58:17.8451397Z Download action repository 'appleboy/ssh-action@v1.0.3' (SHA:029f5b4aeeeb58fdfe1410a5d17f967dacf36262)
2025-09-05T08:58:18.3813382Z Complete job name: deploy-isolated-domains
2025-09-05T08:58:18.4276831Z ##[group]Build container for action use: '/home/runner/work/_actions/appleboy/scp-action/v0.1.7/Dockerfile'.
2025-09-05T08:58:18.4330093Z ##[command]/usr/bin/docker build -t 47add8:6e1aa2576369404ea0d6f2df2f12740c -f "/home/runner/work/_actions/appleboy/scp-action/v0.1.7/Dockerfile" "/home/runner/work/_actions/appleboy/scp-action/v0.1.7"
2025-09-05T08:58:21.4487299Z #0 building with "default" instance using docker driver
2025-09-05T08:58:21.4488508Z 
2025-09-05T08:58:21.4488887Z #1 [internal] load build definition from Dockerfile
2025-09-05T08:58:21.4489556Z #1 transferring dockerfile: 150B done
2025-09-05T08:58:21.4490080Z #1 DONE 0.0s
2025-09-05T08:58:21.4490298Z 
2025-09-05T08:58:21.4490959Z #2 [internal] load metadata for ghcr.io/appleboy/drone-scp:1.6.14
2025-09-05T08:58:22.0714826Z #2 DONE 0.8s
2025-09-05T08:58:22.1999125Z 
2025-09-05T08:58:22.1999550Z #3 [internal] load .dockerignore
2025-09-05T08:58:22.2000702Z #3 transferring context: 2B done
2025-09-05T08:58:22.2002899Z #3 DONE 0.0s
2025-09-05T08:58:22.2003437Z 
2025-09-05T08:58:22.2003800Z #4 [internal] load build context
2025-09-05T08:58:22.2004687Z #4 transferring context: 187B done
2025-09-05T08:58:22.2005527Z #4 DONE 0.0s
2025-09-05T08:58:22.2005917Z 
2025-09-05T08:58:22.2006915Z #5 [1/2] FROM ghcr.io/appleboy/drone-scp:1.6.14@sha256:0e0597678b948b0aa09888c66ac75af904cce81baf6af955208527d259c61818
2025-09-05T08:58:22.2009068Z #5 resolve ghcr.io/appleboy/drone-scp:1.6.14@sha256:0e0597678b948b0aa09888c66ac75af904cce81baf6af955208527d259c61818 0.0s done
2025-09-05T08:58:22.2011421Z #5 sha256:0e0597678b948b0aa09888c66ac75af904cce81baf6af955208527d259c61818 2.38kB / 2.38kB done
2025-09-05T08:58:22.2013008Z #5 sha256:b49e06fc857838320ee2682058d609a527fd05056650f6f6387b8a320d25aed5 1.24kB / 1.24kB done
2025-09-05T08:58:22.2014494Z #5 sha256:6e1933d0a1a550dee7c2be05d0c681372d8661e12dec2bd66f028fd3f2e1eccb 3.65kB / 3.65kB done
2025-09-05T08:58:22.2016320Z #5 sha256:1207c741d8c9b028d98c4006013f9de959da3c55f85b91ed5e4583438a0112ca 0B / 3.38MB 0.1s
2025-09-05T08:58:22.2018156Z #5 sha256:57fce42a8fe3138af514e9b1be611ec437fe87def8a6946cad1d6b7608188ce2 0B / 284.84kB 0.1s
2025-09-05T08:58:22.2019601Z #5 sha256:a7e706a435c2a53ff172ba5b50e2a06c2eaf63d2f764bdaabcca52d378beeb35 0B / 1.20kB 0.1s
2025-09-05T08:58:22.3248554Z #5 sha256:1207c741d8c9b028d98c4006013f9de959da3c55f85b91ed5e4583438a0112ca 3.38MB / 3.38MB 0.1s done
2025-09-05T08:58:22.3250224Z #5 sha256:57fce42a8fe3138af514e9b1be611ec437fe87def8a6946cad1d6b7608188ce2 284.84kB / 284.84kB 0.2s done
2025-09-05T08:58:22.3253223Z #5 sha256:a7e706a435c2a53ff172ba5b50e2a06c2eaf63d2f764bdaabcca52d378beeb35 1.20kB / 1.20kB 0.2s done
2025-09-05T08:58:22.3254566Z #5 extracting sha256:1207c741d8c9b028d98c4006013f9de959da3c55f85b91ed5e4583438a0112ca 0.1s done
2025-09-05T08:58:22.3256197Z #5 sha256:c5ff66ca7e6bad6eb2c1b483c6c580ef147d04552f3bba4b13ac1b05cf474013 0B / 125B 0.2s
2025-09-05T08:58:22.3257489Z #5 sha256:103b78775db928290fb85c370d3e47361a507a82b3b7c69c628783e018a9ffb8 0B / 2.49MB 0.2s
2025-09-05T08:58:22.3258901Z #5 extracting sha256:57fce42a8fe3138af514e9b1be611ec437fe87def8a6946cad1d6b7608188ce2
2025-09-05T08:58:22.4304910Z #5 sha256:c5ff66ca7e6bad6eb2c1b483c6c580ef147d04552f3bba4b13ac1b05cf474013 125B / 125B 0.2s done
2025-09-05T08:58:22.4306504Z #5 sha256:103b78775db928290fb85c370d3e47361a507a82b3b7c69c628783e018a9ffb8 2.49MB / 2.49MB 0.3s done
2025-09-05T08:58:22.4307744Z #5 extracting sha256:57fce42a8fe3138af514e9b1be611ec437fe87def8a6946cad1d6b7608188ce2 0.0s done
2025-09-05T08:58:22.4309038Z #5 extracting sha256:a7e706a435c2a53ff172ba5b50e2a06c2eaf63d2f764bdaabcca52d378beeb35
2025-09-05T08:58:22.6748743Z #5 extracting sha256:a7e706a435c2a53ff172ba5b50e2a06c2eaf63d2f764bdaabcca52d378beeb35 done
2025-09-05T08:58:22.6750255Z #5 extracting sha256:c5ff66ca7e6bad6eb2c1b483c6c580ef147d04552f3bba4b13ac1b05cf474013 done
2025-09-05T08:58:22.6752034Z #5 extracting sha256:103b78775db928290fb85c370d3e47361a507a82b3b7c69c628783e018a9ffb8 0.0s done
2025-09-05T08:58:22.6753151Z #5 DONE 0.4s
2025-09-05T08:58:22.6753926Z 
2025-09-05T08:58:22.6754283Z #6 [2/2] COPY entrypoint.sh /bin/entrypoint.sh
2025-09-05T08:58:22.6755058Z #6 DONE 0.0s
2025-09-05T08:58:22.6755344Z 
2025-09-05T08:58:22.6755587Z #7 exporting to image
2025-09-05T08:58:22.6756157Z #7 exporting layers
2025-09-05T08:58:23.0054634Z #7 exporting layers 0.5s done
2025-09-05T08:58:23.0276218Z #7 writing image sha256:448e70aca45c4531e63e59c8f5f236fee8b6088fcc304b561e4a853d55915a74 done
2025-09-05T08:58:23.0277424Z #7 naming to docker.io/library/47add8:6e1aa2576369404ea0d6f2df2f12740c done
2025-09-05T08:58:23.0278156Z #7 DONE 0.5s
2025-09-05T08:58:23.0373301Z ##[endgroup]
2025-09-05T08:58:23.0403305Z ##[group]Build container for action use: '/home/runner/work/_actions/appleboy/ssh-action/v1.0.3/Dockerfile'.
2025-09-05T08:58:23.0404797Z ##[command]/usr/bin/docker build -t 47add8:eebbeea3aa004e818e1710a431e91dcc -f "/home/runner/work/_actions/appleboy/ssh-action/v1.0.3/Dockerfile" "/home/runner/work/_actions/appleboy/ssh-action/v1.0.3"
2025-09-05T08:58:23.2779824Z #0 building with "default" instance using docker driver
2025-09-05T08:58:23.2780260Z 
2025-09-05T08:58:23.2780872Z #1 [internal] load build definition from Dockerfile
2025-09-05T08:58:23.2781429Z #1 transferring dockerfile: 149B done
2025-09-05T08:58:23.2781869Z #1 DONE 0.0s
2025-09-05T08:58:23.2782068Z 
2025-09-05T08:58:23.2782341Z #2 [internal] load metadata for ghcr.io/appleboy/drone-ssh:1.7.3
2025-09-05T08:58:24.2318903Z #2 DONE 1.1s
2025-09-05T08:58:24.3479905Z 
2025-09-05T08:58:24.3480625Z #3 [internal] load .dockerignore
2025-09-05T08:58:24.3481083Z #3 transferring context: 2B done
2025-09-05T08:58:24.3481515Z #3 DONE 0.0s
2025-09-05T08:58:24.3481675Z 
2025-09-05T08:58:24.3481816Z #4 [internal] load build context
2025-09-05T08:58:24.3482160Z #4 transferring context: 108B done
2025-09-05T08:58:24.3482525Z #4 DONE 0.0s
2025-09-05T08:58:24.3482678Z 
2025-09-05T08:58:24.3483104Z #5 [1/2] FROM ghcr.io/appleboy/drone-ssh:1.7.3@sha256:179cbd253771007f2ebcaf7a3860afe059207351de1f3378efafac93bd310158
2025-09-05T08:58:24.3484295Z #5 resolve ghcr.io/appleboy/drone-ssh:1.7.3@sha256:179cbd253771007f2ebcaf7a3860afe059207351de1f3378efafac93bd310158 done
2025-09-05T08:58:24.3485152Z #5 sha256:179cbd253771007f2ebcaf7a3860afe059207351de1f3378efafac93bd310158 2.38kB / 2.38kB done
2025-09-05T08:58:24.3485905Z #5 sha256:1a52f94820e830bc9734623deb03bbafa6a248fba19cdc2e5605c70d90d91441 1.24kB / 1.24kB done
2025-09-05T08:58:24.3486647Z #5 sha256:c4781b8d012b16b6c7468dc9104fad0a63f2a8815b2af8b7176bb544253ea8c7 3.86kB / 3.86kB done
2025-09-05T08:58:24.3487393Z #5 sha256:654aaee5654be60f81172539ecd74485cf8bbe2e9137bab0d429862c31c676f6 0B / 284.83kB 0.1s
2025-09-05T08:58:24.3488134Z #5 sha256:7e20f48a19643465f486f59127b8f4e0f4114bedc8bd5260fb4f92d5fda95f1c 0B / 1.20kB 0.1s
2025-09-05T08:58:24.3488837Z #5 sha256:066e5b821e26d8313055e0314c056e6c297847bcf963e5df10e7aa03107f2246 0B / 125B 0.1s
2025-09-05T08:58:24.4752167Z #5 sha256:654aaee5654be60f81172539ecd74485cf8bbe2e9137bab0d429862c31c676f6 284.83kB / 284.83kB 0.1s done
2025-09-05T08:58:24.4755680Z #5 sha256:066e5b821e26d8313055e0314c056e6c297847bcf963e5df10e7aa03107f2246 125B / 125B 0.2s done
2025-09-05T08:58:24.4840103Z #5 extracting sha256:654aaee5654be60f81172539ecd74485cf8bbe2e9137bab0d429862c31c676f6 0.0s done
2025-09-05T08:58:24.4841318Z #5 sha256:47353a6f9201a145b687290e5ae0278ac269faf4bb61bee3e9246c37a8d74277 0B / 2.44MB 0.2s
2025-09-05T08:58:24.4842177Z #5 extracting sha256:7e20f48a19643465f486f59127b8f4e0f4114bedc8bd5260fb4f92d5fda95f1c
2025-09-05T08:58:24.5798082Z #5 sha256:7e20f48a19643465f486f59127b8f4e0f4114bedc8bd5260fb4f92d5fda95f1c 1.20kB / 1.20kB 0.2s done
2025-09-05T08:58:24.5799650Z #5 sha256:47353a6f9201a145b687290e5ae0278ac269faf4bb61bee3e9246c37a8d74277 2.44MB / 2.44MB 0.3s done
2025-09-05T08:58:24.5801174Z #5 extracting sha256:7e20f48a19643465f486f59127b8f4e0f4114bedc8bd5260fb4f92d5fda95f1c done
2025-09-05T08:58:24.5802380Z #5 extracting sha256:066e5b821e26d8313055e0314c056e6c297847bcf963e5df10e7aa03107f2246 done
2025-09-05T08:58:24.5803582Z #5 extracting sha256:47353a6f9201a145b687290e5ae0278ac269faf4bb61bee3e9246c37a8d74277 0.0s done
2025-09-05T08:58:24.5804147Z #5 DONE 0.3s
2025-09-05T08:58:24.5804314Z 
2025-09-05T08:58:24.5804477Z #6 [2/2] COPY entrypoint.sh /bin/entrypoint.sh
2025-09-05T08:58:24.5804882Z #6 DONE 0.0s
2025-09-05T08:58:24.7315139Z 
2025-09-05T08:58:24.7315402Z #7 exporting to image
2025-09-05T08:58:24.7315821Z #7 exporting layers
2025-09-05T08:58:25.0056035Z #7 exporting layers 0.4s done
2025-09-05T08:58:25.0274161Z #7 writing image sha256:41bd9a839d676bf11ee751b2500dd3ac0eb7adc182b7a3c7b38be29a7612039f done
2025-09-05T08:58:25.0275679Z #7 naming to docker.io/library/47add8:eebbeea3aa004e818e1710a431e91dcc done
2025-09-05T08:58:25.0276480Z #7 DONE 0.4s
2025-09-05T08:58:25.0327310Z ##[endgroup]
2025-09-05T08:58:25.0580562Z ##[group]Run actions/checkout@v4
2025-09-05T08:58:25.0581240Z with:
2025-09-05T08:58:25.0581551Z   repository: korobprog/SuperMock
2025-09-05T08:58:25.0582036Z   token: ***
2025-09-05T08:58:25.0582345Z   ssh-strict: true
2025-09-05T08:58:25.0582641Z   ssh-user: git
2025-09-05T08:58:25.0582933Z   persist-credentials: true
2025-09-05T08:58:25.0583268Z   clean: true
2025-09-05T08:58:25.0583567Z   sparse-checkout-cone-mode: true
2025-09-05T08:58:25.0583902Z   fetch-depth: 1
2025-09-05T08:58:25.0584190Z   fetch-tags: false
2025-09-05T08:58:25.0584483Z   show-progress: true
2025-09-05T08:58:25.0584765Z   lfs: false
2025-09-05T08:58:25.0585032Z   submodules: false
2025-09-05T08:58:25.0585320Z   set-safe-directory: true
2025-09-05T08:58:25.0585810Z env:
2025-09-05T08:58:25.0586100Z   SERVER_IP: ***
2025-09-05T08:58:25.0586399Z   SERVER_PATH: ***
2025-09-05T08:58:25.0586697Z   PROJECT_NAME: supermock
2025-09-05T08:58:25.0586994Z ##[endgroup]
2025-09-05T08:58:25.1674958Z Syncing repository: korobprog/SuperMock
2025-09-05T08:58:25.1676736Z ##[group]Getting Git version info
2025-09-05T08:58:25.1677239Z Working directory is '/home/runner/work/SuperMock/SuperMock'
2025-09-05T08:58:25.1677947Z [command]/usr/bin/git version
2025-09-05T08:58:25.1678549Z git version 2.51.0
2025-09-05T08:58:25.1701648Z ##[endgroup]
2025-09-05T08:58:25.1722142Z Temporarily overriding HOME='/home/runner/work/_temp/2132814e-4e50-4675-92e2-f903992fec1d' before making global git config changes
2025-09-05T08:58:25.1723205Z Adding repository directory to the temporary git global config as a safe directory
2025-09-05T08:58:25.1727289Z [command]/usr/bin/git config --global --add safe.directory /home/runner/work/SuperMock/SuperMock
2025-09-05T08:58:25.1760715Z Deleting the contents of '/home/runner/work/SuperMock/SuperMock'
2025-09-05T08:58:25.1764415Z ##[group]Initializing the repository
2025-09-05T08:58:25.1768702Z [command]/usr/bin/git init /home/runner/work/SuperMock/SuperMock
2025-09-05T08:58:25.1842649Z hint: Using 'master' as the name for the initial branch. This default branch name
2025-09-05T08:58:25.1843769Z hint: is subject to change. To configure the initial branch name to use in all
2025-09-05T08:58:25.1844758Z hint: of your new repositories, which will suppress this warning, call:
2025-09-05T08:58:25.1845522Z hint:
2025-09-05T08:58:25.1846126Z hint: 	git config --global init.defaultBranch <name>
2025-09-05T08:58:25.1846564Z hint:
2025-09-05T08:58:25.1846948Z hint: Names commonly chosen instead of 'master' are 'main', 'trunk' and
2025-09-05T08:58:25.1847549Z hint: 'development'. The just-created branch can be renamed via this command:
2025-09-05T08:58:25.1848032Z hint:
2025-09-05T08:58:25.1848327Z hint: 	git branch -m <name>
2025-09-05T08:58:25.1848637Z hint:
2025-09-05T08:58:25.1849065Z hint: Disable this message with "git config set advice.defaultBranchName false"
2025-09-05T08:58:25.1849695Z Initialized empty Git repository in /home/runner/work/SuperMock/SuperMock/.git/
2025-09-05T08:58:25.1856038Z [command]/usr/bin/git remote add origin https://github.com/korobprog/SuperMock
2025-09-05T08:58:25.1887983Z ##[endgroup]
2025-09-05T08:58:25.1888517Z ##[group]Disabling automatic garbage collection
2025-09-05T08:58:25.1892463Z [command]/usr/bin/git config --local gc.auto 0
2025-09-05T08:58:25.1919155Z ##[endgroup]
2025-09-05T08:58:25.1919652Z ##[group]Setting up auth
2025-09-05T08:58:25.1926275Z [command]/usr/bin/git config --local --name-only --get-regexp core\.sshCommand
2025-09-05T08:58:25.1956740Z [command]/usr/bin/git submodule foreach --recursive sh -c "git config --local --name-only --get-regexp 'core\.sshCommand' && git config --local --unset-all 'core.sshCommand' || :"
2025-09-05T08:58:25.2209956Z [command]/usr/bin/git config --local --name-only --get-regexp http\.https\:\/\/github\.com\/\.extraheader
2025-09-05T08:58:25.2238487Z [command]/usr/bin/git submodule foreach --recursive sh -c "git config --local --name-only --get-regexp 'http\.https\:\/\/github\.com\/\.extraheader' && git config --local --unset-all 'http.https://github.com/.extraheader' || :"
2025-09-05T08:58:25.2453856Z [command]/usr/bin/git config --local http.https://github.com/.extraheader AUTHORIZATION: basic ***
2025-09-05T08:58:25.2490174Z ##[endgroup]
2025-09-05T08:58:25.2491328Z ##[group]Fetching the repository
2025-09-05T08:58:25.2499332Z [command]/usr/bin/git -c protocol.version=2 fetch --no-tags --prune --no-recurse-submodules --depth=1 origin +4a595edf74400a48bef2fd6944579d553e94b751:refs/remotes/origin/main
2025-09-05T08:58:26.1487193Z From https://github.com/korobprog/SuperMock
2025-09-05T08:58:26.1488307Z  * [new ref]         4a595edf74400a48bef2fd6944579d553e94b751 -> origin/main
2025-09-05T08:58:26.1516980Z ##[endgroup]
2025-09-05T08:58:26.1517601Z ##[group]Determining the checkout info
2025-09-05T08:58:26.1519248Z ##[endgroup]
2025-09-05T08:58:26.1524291Z [command]/usr/bin/git sparse-checkout disable
2025-09-05T08:58:26.1620560Z [command]/usr/bin/git config --local --unset-all extensions.worktreeConfig
2025-09-05T08:58:26.1646789Z ##[group]Checking out the ref
2025-09-05T08:58:26.1650181Z [command]/usr/bin/git checkout --progress --force -B main refs/remotes/origin/main
2025-09-05T08:58:26.2309167Z Switched to a new branch 'main'
2025-09-05T08:58:26.2311944Z branch 'main' set up to track 'origin/main'.
2025-09-05T08:58:26.2323614Z ##[endgroup]
2025-09-05T08:58:26.2364008Z [command]/usr/bin/git log -1 --format=%H
2025-09-05T08:58:26.2387557Z 4a595edf74400a48bef2fd6944579d553e94b751
2025-09-05T08:58:26.2546986Z ##[group]Run tar -czf deployment.tar.gz \
2025-09-05T08:58:26.2547471Z [36;1mtar -czf deployment.tar.gz \[0m
2025-09-05T08:58:26.2547855Z [36;1m  --exclude=node_modules \[0m
2025-09-05T08:58:26.2548201Z [36;1m  --exclude=.git \[0m
2025-09-05T08:58:26.2548518Z [36;1m  --exclude=dist \[0m
2025-09-05T08:58:26.2548838Z [36;1m  --exclude=*.tar.gz \[0m
2025-09-05T08:58:26.2549157Z [36;1m  --exclude=*.log \[0m
2025-09-05T08:58:26.2549461Z [36;1m  --exclude=.env \[0m
2025-09-05T08:58:26.2549780Z [36;1m  --exclude=production.env \[0m
2025-09-05T08:58:26.2550181Z [36;1m  docker-compose.subdomains.yml \[0m
2025-09-05T08:58:26.2550742Z [36;1m  nginx/nginx-landing-only.conf \[0m
2025-09-05T08:58:26.2551106Z [36;1m  landing.html \[0m
2025-09-05T08:58:26.2551430Z [36;1m  frontend/ \[0m
2025-09-05T08:58:26.2551732Z [36;1m  backend/ \[0m
2025-09-05T08:58:26.2552024Z [36;1m  scripts/ \[0m
2025-09-05T08:58:26.2552304Z [36;1m  nginx/ \[0m
2025-09-05T08:58:26.2552612Z [36;1m  media/ \[0m
2025-09-05T08:58:26.2552890Z [36;1m  materials/ \[0m
2025-09-05T08:58:26.2553187Z [36;1m  deploy/ \[0m
2025-09-05T08:58:26.2553496Z [36;1m  production.env[0m
2025-09-05T08:58:26.2604271Z shell: /usr/bin/bash -e {0}
2025-09-05T08:58:26.2604616Z env:
2025-09-05T08:58:26.2604994Z   SERVER_IP: ***
2025-09-05T08:58:26.2605323Z   SERVER_PATH: ***
2025-09-05T08:58:26.2605646Z   PROJECT_NAME: supermock
2025-09-05T08:58:26.2605961Z ##[endgroup]
2025-09-05T08:58:26.4323076Z ##[group]Run appleboy/scp-action@v0.1.7
2025-09-05T08:58:26.4323470Z with:
2025-09-05T08:58:26.4323842Z   host: ***
2025-09-05T08:58:26.4324137Z   username: ***
2025-09-05T08:58:26.4332364Z   key: ***
2025-09-05T08:58:26.4332649Z   port: 22
2025-09-05T08:58:26.4332935Z   source: deployment.tar.gz
2025-09-05T08:58:26.4333278Z   target: ***
2025-09-05T08:58:26.4333550Z   timeout: 30s
2025-09-05T08:58:26.4333829Z   command_timeout: 10m
2025-09-05T08:58:26.4334135Z   use_insecure_cipher: false
2025-09-05T08:58:26.4334439Z   rm: false
2025-09-05T08:58:26.4334695Z   debug: false
2025-09-05T08:58:26.4334970Z   strip_components: 0
2025-09-05T08:58:26.4335257Z   overwrite: false
2025-09-05T08:58:26.4335539Z   tar_dereference: false
2025-09-05T08:58:26.4335843Z   tar_exec: tar
2025-09-05T08:58:26.4336118Z   proxy_port: 22
2025-09-05T08:58:26.4336401Z   proxy_timeout: 30s
2025-09-05T08:58:26.4336705Z   proxy_use_insecure_cipher: false
2025-09-05T08:58:26.4337025Z env:
2025-09-05T08:58:26.4337364Z   SERVER_IP: ***
2025-09-05T08:58:26.4337662Z   SERVER_PATH: ***
2025-09-05T08:58:26.4337950Z   PROJECT_NAME: supermock
2025-09-05T08:58:26.4338249Z ##[endgroup]
2025-09-05T08:58:26.4443329Z ##[command]/usr/bin/docker run --name add86e1aa2576369404ea0d6f2df2f12740c_bdda6c --label 47add8 --workdir /github/workspace --rm -e "SERVER_IP" -e "SERVER_PATH" -e "PROJECT_NAME" -e "INPUT_HOST" -e "INPUT_USERNAME" -e "INPUT_KEY" -e "INPUT_PORT" -e "INPUT_SOURCE" -e "INPUT_TARGET" -e "INPUT_PASSWORD" -e "INPUT_TIMEOUT" -e "INPUT_COMMAND_TIMEOUT" -e "INPUT_KEY_PATH" -e "INPUT_PASSPHRASE" -e "INPUT_FINGERPRINT" -e "INPUT_USE_INSECURE_CIPHER" -e "INPUT_RM" -e "INPUT_DEBUG" -e "INPUT_STRIP_COMPONENTS" -e "INPUT_OVERWRITE" -e "INPUT_TAR_DEREFERENCE" -e "INPUT_TAR_TMP_PATH" -e "INPUT_TAR_EXEC" -e "INPUT_PROXY_HOST" -e "INPUT_PROXY_PORT" -e "INPUT_PROXY_USERNAME" -e "INPUT_PROXY_PASSWORD" -e "INPUT_PROXY_PASSPHRASE" -e "INPUT_PROXY_TIMEOUT" -e "INPUT_PROXY_KEY" -e "INPUT_PROXY_KEY_PATH" -e "INPUT_PROXY_FINGERPRINT" -e "INPUT_PROXY_USE_INSECURE_CIPHER" -e "HOME" -e "GITHUB_JOB" -e "GITHUB_REF" -e "GITHUB_SHA" -e "GITHUB_REPOSITORY" -e "GITHUB_REPOSITORY_OWNER" -e "GITHUB_REPOSITORY_OWNER_ID" -e "GITHUB_RUN_ID" -e "GITHUB_RUN_NUMBER" -e "GITHUB_RETENTION_DAYS" -e "GITHUB_RUN_ATTEMPT" -e "GITHUB_ACTOR_ID" -e "GITHUB_ACTOR" -e "GITHUB_WORKFLOW" -e "GITHUB_HEAD_REF" -e "GITHUB_BASE_REF" -e "GITHUB_EVENT_NAME" -e "GITHUB_SERVER_URL" -e "GITHUB_API_URL" -e "GITHUB_GRAPHQL_URL" -e "GITHUB_REF_NAME" -e "GITHUB_REF_PROTECTED" -e "GITHUB_REF_TYPE" -e "GITHUB_WORKFLOW_REF" -e "GITHUB_WORKFLOW_SHA" -e "GITHUB_REPOSITORY_ID" -e "GITHUB_TRIGGERING_ACTOR" -e "GITHUB_WORKSPACE" -e "GITHUB_ACTION" -e "GITHUB_EVENT_PATH" -e "GITHUB_ACTION_REPOSITORY" -e "GITHUB_ACTION_REF" -e "GITHUB_PATH" -e "GITHUB_ENV" -e "GITHUB_STEP_SUMMARY" -e "GITHUB_STATE" -e "GITHUB_OUTPUT" -e "RUNNER_OS" -e "RUNNER_ARCH" -e "RUNNER_NAME" -e "RUNNER_ENVIRONMENT" -e "RUNNER_TOOL_CACHE" -e "RUNNER_TEMP" -e "RUNNER_WORKSPACE" -e "ACTIONS_RUNTIME_URL" -e "ACTIONS_RUNTIME_TOKEN" -e "ACTIONS_CACHE_URL" -e "ACTIONS_RESULTS_URL" -e GITHUB_ACTIONS=true -e CI=true -v "/var/run/docker.sock":"/var/run/docker.sock" -v "/home/runner/work/_temp/_github_home":"/github/home" -v "/home/runner/work/_temp/_github_workflow":"/github/workflow" -v "/home/runner/work/_temp/_runner_file_commands":"/github/file_commands" -v "/home/runner/work/SuperMock/SuperMock":"/github/workspace" 47add8:6e1aa2576369404ea0d6f2df2f12740c
2025-09-05T08:58:26.6248039Z drone-scp version: v1.6.14
2025-09-05T08:58:26.6248678Z tar all files into /tmp/FQqNUHMshX.tar.gz
2025-09-05T08:58:27.0978711Z remote server os type is unix
2025-09-05T08:58:27.0979551Z scp file to server.
2025-09-05T08:58:27.4908293Z 2025/09/05 08:58:27 error copy file to dest: ***, error message: ssh: handshake failed: read tcp 172.17.0.2:37672->***:22: read: connection reset by peer
2025-09-05T08:58:27.4911852Z drone-scp error: error copy file to dest: ***, error message: ssh: handshake failed: read tcp 172.17.0.2:37672->***:22: read: connection reset by peer
2025-09-05T08:58:27.4913060Z 
2025-09-05T08:58:27.5665759Z Post job cleanup.
2025-09-05T08:58:27.6587444Z [command]/usr/bin/git version
2025-09-05T08:58:27.6622375Z git version 2.51.0
2025-09-05T08:58:27.6664109Z Temporarily overriding HOME='/home/runner/work/_temp/989f7a8f-d6ea-447d-857e-cdc9656cf27a' before making global git config changes
2025-09-05T08:58:27.6665090Z Adding repository directory to the temporary git global config as a safe directory
2025-09-05T08:58:27.6675859Z [command]/usr/bin/git config --global --add safe.directory /home/runner/work/SuperMock/SuperMock
2025-09-05T08:58:27.6708130Z [command]/usr/bin/git config --local --name-only --get-regexp core\.sshCommand
2025-09-05T08:58:27.6739172Z [command]/usr/bin/git submodule foreach --recursive sh -c "git config --local --name-only --get-regexp 'core\.sshCommand' && git config --local --unset-all 'core.sshCommand' || :"
2025-09-05T08:58:27.6958187Z [command]/usr/bin/git config --local --name-only --get-regexp http\.https\:\/\/github\.com\/\.extraheader
2025-09-05T08:58:27.6978036Z http.https://github.com/.extraheader
2025-09-05T08:58:27.6990093Z [command]/usr/bin/git config --local --unset-all http.https://github.com/.extraheader
2025-09-05T08:58:27.7018881Z [command]/usr/bin/git submodule foreach --recursive sh -c "git config --local --name-only --get-regexp 'http\.https\:\/\/github\.com\/\.extraheader' && git config --local --unset-all 'http.https://github.com/.extraheader' || :"
2025-09-05T08:58:27.7335744Z Cleaning up orphan processes
